2025-05-02 12:05:42,525 - INFO - PDF report saved as reports/rps_report.pdf
2025-05-02 12:05:43,718 - INFO - HTML report saves as reports/rps_report.html
2025-05-02 12:10:05,328 - INFO - 
 Common Player Move Sequences:
2025-05-02 12:10:05,329 - INFO - 
 AI Predicts Player Will Choose: Paper
2025-05-02 12:10:05,329 - INFO - AI Chooses: Rock (to counter predicted move)
2025-05-02 12:10:05,329 - INFO - Dataset size: []
2025-05-02 12:10:32,030 - INFO - 
 Common Player Move Sequences:
2025-05-02 12:10:32,030 - INFO - 
 AI Predicts Player Will Choose: Paper
2025-05-02 12:10:32,030 - INFO - AI Chooses: Scissors (to counter predicted move)
2025-05-02 12:10:32,030 - INFO - Dataset size: []
2025-05-02 12:14:32,121 - INFO - 
 Common Player Move Sequences:
2025-05-02 12:14:32,121 - INFO - 
 AI Predicts Player Will Choose: Scissors
2025-05-02 12:14:32,122 - INFO - AI Chooses: Rock (to counter predicted move)
2025-05-02 12:14:32,122 - INFO - Dataset size: []
2025-05-02 12:14:56,935 - INFO - 
 Common Player Move Sequences:
2025-05-02 12:14:56,935 - INFO - 
 AI Predicts Player Will Choose: Rock
2025-05-02 12:14:56,935 - INFO - AI Chooses: Paper (to counter predicted move)
2025-05-02 12:14:56,935 - INFO - Dataset size: []
2025-05-02 12:16:51,131 - INFO - 
 Common Player Move Sequences:
2025-05-02 12:16:51,131 - INFO - 
 AI Predicts Player Will Choose: Paper
2025-05-02 12:16:51,131 - INFO - AI Chooses: Scissors (to counter predicted move)
2025-05-02 12:16:51,131 - INFO - Dataset size: []
2025-05-02 12:21:05,473 - INFO - 
 Common Player Move Sequences:
2025-05-02 12:21:05,473 - INFO - 
 AI Predicts Player Will Choose: Rock
2025-05-02 12:21:05,473 - INFO - AI Chooses: Scissors (to counter predicted move)
2025-05-02 12:21:05,473 - INFO - Dataset size: []
2025-05-02 12:21:07,666 - INFO - 
 Common Player Move Sequences:
2025-05-02 12:21:07,666 - INFO - 
 AI Predicts Player Will Choose: Rock
2025-05-02 12:21:07,666 - INFO - AI Chooses: Scissors (to counter predicted move)
2025-05-02 12:21:07,666 - INFO - Dataset size: []
2025-05-02 12:23:47,721 - INFO - 
 Common Player Move Sequences:
2025-05-02 12:23:47,721 - INFO - 
 AI Predicts Player Will Choose: Rock
2025-05-02 12:23:47,721 - INFO - AI Chooses: Rock (to counter predicted move)
2025-05-02 12:23:47,721 - INFO - Dataset size: []
2025-05-02 12:55:22,737 - INFO - data_analysis.py:56 - 
 Common Player Move Sequences:
2025-05-02 12:55:22,737 - INFO - data_analysis.py:183 - 
 AI Predicts Player Will Choose: Scissors
2025-05-02 12:55:22,738 - INFO - data_analysis.py:185 - AI Chooses: Scissors (to counter predicted move)
2025-05-02 12:55:22,738 - INFO - data_analysis.py:187 - Dataset size: []
2025-05-02 12:59:16,038 - INFO - data_analysis.py:56 - 
 Common Player Move Sequences:
2025-05-02 12:59:16,038 - INFO - data_analysis.py:183 - 
 AI Predicts Player Will Choose: Rock
2025-05-02 12:59:16,038 - INFO - data_analysis.py:185 - AI Chooses: Rock (to counter predicted move)
2025-05-02 12:59:16,038 - INFO - data_analysis.py:187 - Dataset size: []
2025-05-02 13:04:25,682 - INFO - data_analysis.py:56 - 
 Common Player Move Sequences:
2025-05-02 13:04:25,683 - INFO - data_analysis.py:183 - 
 AI Predicts Player Will Choose: Scissors
2025-05-02 13:04:25,683 - INFO - data_analysis.py:185 - AI Chooses: Paper (to counter predicted move)
2025-05-02 13:04:25,683 - INFO - data_analysis.py:187 - Dataset size: []
2025-05-02 13:04:43,019 - INFO - rock_paper_scissors.py:124 - Error: Image resources/Rock.png could not be loaded
2025-05-02 13:21:43,750 - INFO - data_analysis.py:56 - 
 Common Player Move Sequences:
2025-05-02 13:21:43,750 - INFO - data_analysis.py:183 - 
 AI Predicts Player Will Choose: Scissors
2025-05-02 13:21:43,750 - INFO - data_analysis.py:185 - AI Chooses: Paper (to counter predicted move)
2025-05-02 13:21:43,750 - INFO - data_analysis.py:187 - Dataset size: []
2025-05-02 13:21:44,911 - INFO - rock_paper_scissors.py:68 - Game started
2025-05-02 13:21:59,266 - INFO - rock_paper_scissors.py:99 - Round 1 started
2025-05-02 13:31:35,606 - INFO - data_analysis.py:56 - 
 Common Player Move Sequences:
2025-05-02 13:31:35,607 - INFO - data_analysis.py:183 - 
 AI Predicts Player Will Choose: Rock
2025-05-02 13:31:35,607 - INFO - data_analysis.py:185 - AI Chooses: Scissors (to counter predicted move)
2025-05-02 13:31:35,607 - INFO - data_analysis.py:187 - Dataset size: []
2025-05-02 13:31:36,777 - INFO - rock_paper_scissors.py:68 - Game started
2025-05-02 13:31:40,823 - INFO - rock_paper_scissors.py:209 - Escape key pressed. Exiting Game.
2025-05-02 13:31:45,251 - INFO - rock_paper_scissors.py:209 - Escape key pressed. Exiting Game.
2025-05-02 13:31:45,999 - INFO - rock_paper_scissors.py:209 - Escape key pressed. Exiting Game.
2025-05-02 13:31:46,600 - INFO - rock_paper_scissors.py:209 - Escape key pressed. Exiting Game.
2025-05-02 13:31:47,576 - INFO - rock_paper_scissors.py:209 - Escape key pressed. Exiting Game.
2025-05-02 13:31:48,110 - INFO - rock_paper_scissors.py:209 - Escape key pressed. Exiting Game.
2025-05-02 13:31:48,589 - INFO - rock_paper_scissors.py:209 - Escape key pressed. Exiting Game.
2025-05-02 13:31:49,441 - INFO - rock_paper_scissors.py:209 - Escape key pressed. Exiting Game.
2025-05-02 13:31:49,807 - INFO - rock_paper_scissors.py:209 - Escape key pressed. Exiting Game.
2025-05-02 13:31:50,118 - INFO - rock_paper_scissors.py:209 - Escape key pressed. Exiting Game.
2025-05-02 13:31:50,199 - INFO - rock_paper_scissors.py:99 - Round 1 started
2025-05-02 13:31:51,286 - INFO - rock_paper_scissors.py:209 - Escape key pressed. Exiting Game.
2025-05-02 13:32:40,860 - INFO - data_analysis.py:56 - 
 Common Player Move Sequences:
2025-05-02 13:32:40,860 - INFO - data_analysis.py:183 - 
 AI Predicts Player Will Choose: Paper
2025-05-02 13:32:40,860 - INFO - data_analysis.py:185 - AI Chooses: Paper (to counter predicted move)
2025-05-02 13:32:40,861 - INFO - data_analysis.py:187 - Dataset size: []
2025-05-02 13:32:42,038 - INFO - rock_paper_scissors.py:68 - Game started
2025-05-02 13:32:45,174 - INFO - rock_paper_scissors.py:210 - Escape key pressed. Exiting Game.
2025-05-02 13:32:45,175 - INFO - rock_paper_scissors.py:217 - Saving game data to CSV with 0 rounds
2025-05-02 13:32:45,385 - INFO - data_analysis.py:143 - 
 Game Move History:

2025-05-02 13:32:45,385 - INFO - data_analysis.py:144 - Empty DataFrame
Columns: [Round, Player Move, AI Move]
Index: []
2025-05-02 13:32:45,389 - INFO - data_analysis.py:134 - 
 Moves appended to game_moves.csv successfully!
2025-05-02 13:32:45,395 - INFO - data_analysis.py:163 - 
 Total Rounds Recorded: 0
2025-05-02 13:32:45,395 - INFO - data_analysis.py:174 - 
 AI Win Rate: 0.0% (0/0 rounds)
2025-05-02 13:55:46,913 - INFO - data_analysis.py:39 - Running analyze_move_frequencies()
2025-05-02 13:55:46,913 - INFO - data_analysis.py:54 - Running detect_player_move_sequences)
2025-05-02 13:55:46,913 - INFO - data_analysis.py:58 - 
 Common Player Move Sequences:
2025-05-02 13:55:46,913 - INFO - data_analysis.py:65 - Running predict_next_move()
2025-05-02 13:55:46,914 - INFO - data_analysis.py:192 - 
 AI Predicts Player Will Choose: Rock
2025-05-02 13:55:46,914 - INFO - data_analysis.py:87 - Running get_smart_ai_move()
2025-05-02 13:55:46,914 - INFO - data_analysis.py:65 - Running predict_next_move()
2025-05-02 13:55:46,914 - INFO - data_analysis.py:194 - AI Chooses: Rock (to counter predicted move)
2025-05-02 13:57:03,844 - INFO - data_analysis.py:39 - Running analyze_move_frequencies()
2025-05-02 13:57:03,844 - INFO - data_analysis.py:54 - Running detect_player_move_sequences)
2025-05-02 13:57:03,845 - INFO - data_analysis.py:58 - 
 Common Player Move Sequences:
2025-05-02 13:57:03,845 - INFO - data_analysis.py:65 - Running predict_next_move()
2025-05-02 13:57:03,845 - INFO - data_analysis.py:192 - 
 AI Predicts Player Will Choose: Rock
2025-05-02 13:57:03,845 - INFO - data_analysis.py:87 - Running get_smart_ai_move()
2025-05-02 13:57:03,845 - INFO - data_analysis.py:65 - Running predict_next_move()
2025-05-02 13:57:03,845 - INFO - data_analysis.py:194 - AI Chooses: Rock (to counter predicted move)
2025-05-02 13:57:15,038 - INFO - data_analysis.py:39 - Running analyze_move_frequencies()
2025-05-02 13:57:15,038 - INFO - data_analysis.py:54 - Running detect_player_move_sequences)
2025-05-02 13:57:15,038 - INFO - data_analysis.py:58 - 
 Common Player Move Sequences:
2025-05-02 13:57:15,038 - INFO - data_analysis.py:65 - Running predict_next_move()
2025-05-02 13:57:15,038 - INFO - data_analysis.py:192 - 
 AI Predicts Player Will Choose: Rock
2025-05-02 13:57:15,038 - INFO - data_analysis.py:87 - Running get_smart_ai_move()
2025-05-02 13:57:15,038 - INFO - data_analysis.py:65 - Running predict_next_move()
2025-05-02 13:57:15,038 - INFO - data_analysis.py:194 - AI Chooses: Paper (to counter predicted move)
2025-05-02 13:57:40,267 - INFO - data_analysis.py:39 - Running analyze_move_frequencies()
2025-05-02 13:57:40,268 - INFO - data_analysis.py:54 - Running detect_player_move_sequences)
2025-05-02 13:57:40,268 - INFO - data_analysis.py:58 - 
 Common Player Move Sequences:
2025-05-02 13:57:40,268 - INFO - data_analysis.py:65 - Running predict_next_move()
2025-05-02 13:57:40,268 - INFO - data_analysis.py:192 - 
 AI Predicts Player Will Choose: Paper
2025-05-02 13:57:40,268 - INFO - data_analysis.py:87 - Running get_smart_ai_move()
2025-05-02 13:57:40,268 - INFO - data_analysis.py:65 - Running predict_next_move()
2025-05-02 13:57:40,268 - INFO - data_analysis.py:194 - AI Chooses: Rock (to counter predicted move)
2025-05-02 13:57:40,268 - INFO - data_analysis.py:195 - Dataset size: []
